[2026-05-08T04:11:56.132+0000] {local_task_job_runner.py:120} INFO - ::group::Pre task execution logs
[2026-05-08T04:11:56.239+0000] {taskinstance.py:2076} INFO - Dependencies all met for dep_context=non-requeueable deps ti=<TaskInstance: dynamic_etl_framework.run_csv_mysql scheduled__2026-05-07T00:00:00+00:00 [queued]>
[2026-05-08T04:11:56.253+0000] {taskinstance.py:2076} INFO - Dependencies all met for dep_context=requeueable deps ti=<TaskInstance: dynamic_etl_framework.run_csv_mysql scheduled__2026-05-07T00:00:00+00:00 [queued]>
[2026-05-08T04:11:56.254+0000] {taskinstance.py:2306} INFO - Starting attempt 1 of 2
[2026-05-08T04:11:56.278+0000] {taskinstance.py:2330} INFO - Executing <Task(PythonOperator): run_csv_mysql> on 2026-05-07 00:00:00+00:00
[2026-05-08T04:11:56.301+0000] {logging_mixin.py:188} WARNING - /home/***/.local/lib/python3.12/site-packages/***/task/task_runner/standard_task_runner.py:61 DeprecationWarning: This process (pid=3427) is multi-threaded, use of fork() may lead to deadlocks in the child.
[2026-05-08T04:11:56.303+0000] {standard_task_runner.py:63} INFO - Started process 3431 to run task
[2026-05-08T04:11:56.300+0000] {standard_task_runner.py:90} INFO - Running: ['***', 'tasks', 'run', 'dynamic_etl_framework', 'run_csv_mysql', 'scheduled__2026-05-07T00:00:00+00:00', '--job-id', '7', '--raw', '--subdir', 'DAGS_FOLDER/dynamic_etl_dag.py', '--cfg-path', '/tmp/tmpesqmasvd']
[2026-05-08T04:11:56.304+0000] {standard_task_runner.py:91} INFO - Job 7: Subtask run_csv_mysql
[2026-05-08T04:11:56.360+0000] {task_command.py:426} INFO - Running <TaskInstance: dynamic_etl_framework.run_csv_mysql scheduled__2026-05-07T00:00:00+00:00 [running]> on host 90c7909e023e
[2026-05-08T04:11:56.463+0000] {taskinstance.py:2648} INFO - Exporting env vars: AIRFLOW_CTX_DAG_OWNER='***' AIRFLOW_CTX_DAG_ID='dynamic_etl_framework' AIRFLOW_CTX_TASK_ID='run_csv_mysql' AIRFLOW_CTX_EXECUTION_DATE='2026-05-07T00:00:00+00:00' AIRFLOW_CTX_TRY_NUMBER='1' AIRFLOW_CTX_DAG_RUN_ID='scheduled__2026-05-07T00:00:00+00:00'
[2026-05-08T04:11:56.465+0000] {taskinstance.py:430} INFO - ::endgroup::
[2026-05-08T04:11:56.507+0000] {logging_mixin.py:188} INFO - ✅ schema_validation module loaded
[2026-05-08T04:11:56.577+0000] {logging_mixin.py:188} INFO - 🚀 Running Process: csv_mysql
[2026-05-08T04:11:56.683+0000] {logging_mixin.py:188} INFO - 🚀 Running pipeline for sales
[2026-05-08T04:11:56.733+0000] {logging_mixin.py:188} INFO - ❌ Failed: File not found: C:\Users\ITS514\Downloads\sales.csv
[2026-05-08T04:11:56.763+0000] {python.py:237} INFO - Done. Returned value was: None
[2026-05-08T04:11:56.765+0000] {taskinstance.py:441} INFO - ::group::Post task execution logs
[2026-05-08T04:11:56.781+0000] {taskinstance.py:1206} INFO - Marking task as SUCCESS. dag_id=dynamic_etl_framework, task_id=run_csv_mysql, run_id=scheduled__2026-05-07T00:00:00+00:00, execution_date=20260507T000000, start_date=20260508T041156, end_date=20260508T041156
[2026-05-08T04:11:56.800+0000] {local_task_job_runner.py:240} INFO - Task exited with return code 0
[2026-05-08T04:11:56.825+0000] {taskinstance.py:3498} INFO - 0 downstream tasks scheduled from follow-on schedule check
[2026-05-08T04:11:56.827+0000] {local_task_job_runner.py:222} INFO - ::endgroup::
[2026-05-08T04:30:20.880+0000] {local_task_job_runner.py:120} INFO - ::group::Pre task execution logs
[2026-05-08T04:30:21.039+0000] {taskinstance.py:2076} INFO - Dependencies all met for dep_context=non-requeueable deps ti=<TaskInstance: dynamic_etl_framework.run_csv_mysql scheduled__2026-05-07T00:00:00+00:00 [queued]>
[2026-05-08T04:30:21.049+0000] {taskinstance.py:2076} INFO - Dependencies all met for dep_context=requeueable deps ti=<TaskInstance: dynamic_etl_framework.run_csv_mysql scheduled__2026-05-07T00:00:00+00:00 [queued]>
[2026-05-08T04:30:21.050+0000] {taskinstance.py:2306} INFO - Starting attempt 1 of 2
[2026-05-08T04:30:21.066+0000] {taskinstance.py:2330} INFO - Executing <Task(PythonOperator): run_csv_mysql> on 2026-05-07 00:00:00+00:00
[2026-05-08T04:30:21.075+0000] {standard_task_runner.py:90} INFO - Running: ['airflow', 'tasks', 'run', 'dynamic_etl_framework', 'run_csv_mysql', 'scheduled__2026-05-07T00:00:00+00:00', '--job-id', '4', '--raw', '--subdir', 'DAGS_FOLDER/dynamic_etl_dag.py', '--cfg-path', '/tmp/tmp60hr4cnn']
[2026-05-08T04:30:21.077+0000] {logging_mixin.py:188} WARNING - /home/airflow/.local/lib/python3.12/site-packages/airflow/task/task_runner/standard_task_runner.py:61 DeprecationWarning: This process (pid=198) is multi-threaded, use of fork() may lead to deadlocks in the child.
[2026-05-08T04:30:21.078+0000] {standard_task_runner.py:91} INFO - Job 4: Subtask run_csv_mysql
[2026-05-08T04:30:21.079+0000] {standard_task_runner.py:63} INFO - Started process 200 to run task
[2026-05-08T04:30:21.513+0000] {task_command.py:426} INFO - Running <TaskInstance: dynamic_etl_framework.run_csv_mysql scheduled__2026-05-07T00:00:00+00:00 [running]> on host a1e40b8b6aeb
[2026-05-08T04:30:22.085+0000] {taskinstance.py:2648} INFO - Exporting env vars: AIRFLOW_CTX_DAG_OWNER='airflow' AIRFLOW_CTX_DAG_ID='dynamic_etl_framework' AIRFLOW_CTX_TASK_ID='run_csv_mysql' AIRFLOW_CTX_EXECUTION_DATE='2026-05-07T00:00:00+00:00' AIRFLOW_CTX_TRY_NUMBER='1' AIRFLOW_CTX_DAG_RUN_ID='scheduled__2026-05-07T00:00:00+00:00'
[2026-05-08T04:30:22.086+0000] {taskinstance.py:430} INFO - ::endgroup::
[2026-05-08T04:30:22.130+0000] {logging_mixin.py:188} INFO - ✅ schema_validation module loaded
[2026-05-08T04:30:22.380+0000] {logging_mixin.py:188} INFO - 🚀 Running Process: csv_mysql
[2026-05-08T04:30:22.641+0000] {logging_mixin.py:188} INFO - 🚀 Running pipeline for sales
[2026-05-08T04:30:22.772+0000] {logging_mixin.py:188} INFO - ❌ Failed: File not found: C:\Users\ITS514\Downloads\sales.csv
[2026-05-08T04:30:22.778+0000] {python.py:237} INFO - Done. Returned value was: None
[2026-05-08T04:30:22.779+0000] {taskinstance.py:441} INFO - ::group::Post task execution logs
[2026-05-08T04:30:22.897+0000] {taskinstance.py:1206} INFO - Marking task as SUCCESS. dag_id=dynamic_etl_framework, task_id=run_csv_mysql, run_id=scheduled__2026-05-07T00:00:00+00:00, execution_date=20260507T000000, start_date=20260508T043021, end_date=20260508T043022
[2026-05-08T04:30:22.942+0000] {local_task_job_runner.py:240} INFO - Task exited with return code 0
[2026-05-08T04:30:23.084+0000] {taskinstance.py:3498} INFO - 0 downstream tasks scheduled from follow-on schedule check
[2026-05-08T04:30:23.088+0000] {local_task_job_runner.py:222} INFO - ::endgroup::
